// Jest Snapshot v1, https://goo.gl/fbAQLP

exports[`UserList renders a snapshot properly 1`] = `
<div>
  <h4
    className="card card-body bg-light"
  >
    zoey
  </h4>
  <h4
    className="card card-body bg-light"
  >
    dexter
  </h4>
</div>
`;
